Configuration file exists at /Users/simonl/Library/Preferences/pypoetry, reusing this directory.

Consider moving TOML configuration files to /Users/simonl/Library/Application Support/pypoetry, as support for the legacy directory will be removed in an upcoming release.
The currently activated Python version 3.7.10 is not supported by the project (^3.10).
Trying to find and use a compatible version. 
Using python3.11 (3.11.11)
============================= test session starts ==============================
platform darwin -- Python 3.11.11, pytest-8.4.2, pluggy-1.6.0
rootdir: /Users/simonl/Desktop/work/podaac/l2ss-py-autotest
configfile: pyproject.toml
plugins: anyio-4.11.0, html-4.1.1, xdist-3.8.0, timeout-2.4.0, metadata-3.1.1
collected 2 items

verify_collection.py::test_spatial_subset[C1261072650-POCLOUD] 
-------------------------------- live log call ---------------------------------
INFO     root:verify_collection.py:447 Using granule G1261713031-POCLOUD for test
INFO     root:verify_collection.py:463 Sending harmony request https://harmony.uat.earthdata.nasa.gov/C1261072650-POCLOUD/ogc-api-coverages/1.0.0/collections/parameter_vars/coverage/rangeset?forceAsync=true&subset=lat%28-74.475425%3A47.135024999999985%29&subset=lon%28-84.44192%3A5.932719999999996%29&label=harmony-py&granuleId=G1261713031-POCLOUD&variable=all
INFO     root:verify_collection.py:467 Submitted harmony job b5f69a73-9dd2-4f11-8184-1f1fec638d50
FAILED                                                                   [ 50%]
verify_collection.py::test_temporal_subset[C1261072650-POCLOUD] 
-------------------------------- live log call ---------------------------------
INFO     root:verify_collection.py:590 Sending harmony request https://harmony.uat.earthdata.nasa.gov/C1261072650-POCLOUD/ogc-api-coverages/1.0.0/collections/parameter_vars/coverage/rangeset?forceAsync=true&subset=time%28%222023-07-10T07%3A42%3A40.500000%22%3A%222023-07-10T08%3A08%3A13.500000%22%29&label=harmony-py&granuleId=G1261713031-POCLOUD&variable=all
INFO     root:verify_collection.py:594 Submitted harmony job c20fa3e8-31ad-464a-9c84-781177cc8979
FAILED                                                                   [100%]

=================================== FAILURES ===================================
___________________ test_spatial_subset[C1261072650-POCLOUD] ___________________
verify_collection.py:468: in test_spatial_subset
    harmony_client.wait_for_processing(job_id, show_progress=False)
/Users/simonl/Library/Caches/pypoetry/virtualenvs/l2ss-py-autotest-tBPKSASn-py3.11/lib/python3.11/site-packages/harmony/client.py:727: in wait_for_processing
    raise ProcessingFailedException(job_id, message)
E   harmony.client.ProcessingFailedException: WorkItem failed: podaac/l2ss-py:3.2.0rc4: Unable to download due to status code: 404 and content         b'<html>\n   <head>\n        <title>Egress | \n   \n      404\n   \n   \n   Data Not Available\n   \n</title>\n        <style type="text/css">\n            body {\n                font-family: sans-serif;\n                padding: 25px\n            }\n            #logincontrols {\n                position: fixed;\n                right: 25px;\n                top: 25px;\n            }\n            #status_code {\n                font-size: 400px;\n                font-weight: bold;\n                position: fixed;\n                top: 50%;\n                left: 50%;\n                margin-top: -200px;\n                margin-left: -300px;\n            }\n            #requestidcontainer {\n                position: fixed;\n                margin-bottom: 3px;\n                bottom: 0;\n                right: 10px;\n                font-size: 85%;\n            }\n        </style>\n   </head>\n\n   <body>\n   \n\n<div id="status_code">404</div>\n\n\n    <div id="contentstring">Could not find requested data.</div>\n\n\n   \n        <div id="requestidcontainer">Request ID: <span id="requestid">662c6ecb-5230-43b5-bb1d-af119bbae736</span></div>\n    \n   </body>\n</html>\n\n' and all retries exhausted.
------------------------------ Captured log call -------------------------------
INFO     root:verify_collection.py:447 Using granule G1261713031-POCLOUD for test
INFO     root:verify_collection.py:463 Sending harmony request https://harmony.uat.earthdata.nasa.gov/C1261072650-POCLOUD/ogc-api-coverages/1.0.0/collections/parameter_vars/coverage/rangeset?forceAsync=true&subset=lat%28-74.475425%3A47.135024999999985%29&subset=lon%28-84.44192%3A5.932719999999996%29&label=harmony-py&granuleId=G1261713031-POCLOUD&variable=all
INFO     root:verify_collection.py:467 Submitted harmony job b5f69a73-9dd2-4f11-8184-1f1fec638d50
__________________ test_temporal_subset[C1261072650-POCLOUD] ___________________
verify_collection.py:596: in test_temporal_subset
    harmony_client.wait_for_processing(job_id, show_progress=False)
/Users/simonl/Library/Caches/pypoetry/virtualenvs/l2ss-py-autotest-tBPKSASn-py3.11/lib/python3.11/site-packages/harmony/client.py:727: in wait_for_processing
    raise ProcessingFailedException(job_id, message)
E   harmony.client.ProcessingFailedException: WorkItem failed: podaac/l2ss-py:3.2.0rc4: Unable to download due to status code: 404 and content         b'<html>\n   <head>\n        <title>Egress | \n   \n      404\n   \n   \n   Data Not Available\n   \n</title>\n        <style type="text/css">\n            body {\n                font-family: sans-serif;\n                padding: 25px\n            }\n            #logincontrols {\n                position: fixed;\n                right: 25px;\n                top: 25px;\n            }\n            #status_code {\n                font-size: 400px;\n                font-weight: bold;\n                position: fixed;\n                top: 50%;\n                left: 50%;\n                margin-top: -200px;\n                margin-left: -300px;\n            }\n            #requestidcontainer {\n                position: fixed;\n                margin-bottom: 3px;\n                bottom: 0;\n                right: 10px;\n                font-size: 85%;\n            }\n        </style>\n   </head>\n\n   <body>\n   \n\n<div id="status_code">404</div>\n\n\n    <div id="contentstring">Could not find requested data.</div>\n\n\n   \n        <div id="requestidcontainer">Request ID: <span id="requestid">4c4a74a6-0d79-4bb5-bf33-ba5e2135d0ea</span></div>\n    \n   </body>\n</html>\n\n' and all retries exhausted.
------------------------------ Captured log call -------------------------------
INFO     root:verify_collection.py:590 Sending harmony request https://harmony.uat.earthdata.nasa.gov/C1261072650-POCLOUD/ogc-api-coverages/1.0.0/collections/parameter_vars/coverage/rangeset?forceAsync=true&subset=time%28%222023-07-10T07%3A42%3A40.500000%22%3A%222023-07-10T08%3A08%3A13.500000%22%29&label=harmony-py&granuleId=G1261713031-POCLOUD&variable=all
INFO     root:verify_collection.py:594 Submitted harmony job c20fa3e8-31ad-464a-9c84-781177cc8979
<class 'str'>
verify_collection.py:468: in test_spatial_subset
    harmony_client.wait_for_processing(job_id, show_progress=False)
/Users/simonl/Library/Caches/pypoetry/virtualenvs/l2ss-py-autotest-tBPKSASn-py3.11/lib/python3.11/site-packages/harmony/client.py:727: in wait_for_processing
    raise ProcessingFailedException(job_id, message)
E   harmony.client.ProcessingFailedException: WorkItem failed: podaac/l2ss-py:3.2.0rc4: Unable to download due to status code: 404 and content         b'<html>\n   <head>\n        <title>Egress | \n   \n      404\n   \n   \n   Data Not Available\n   \n</title>\n        <style type="text/css">\n            body {\n                font-family: sans-serif;\n                padding: 25px\n            }\n            #logincontrols {\n                position: fixed;\n                right: 25px;\n                top: 25px;\n            }\n            #status_code {\n                font-size: 400px;\n                font-weight: bold;\n                position: fixed;\n                top: 50%;\n                left: 50%;\n                margin-top: -200px;\n                margin-left: -300px;\n            }\n            #requestidcontainer {\n                position: fixed;\n                margin-bottom: 3px;\n                bottom: 0;\n                right: 10px;\n                font-size: 85%;\n            }\n        </style>\n   </head>\n\n   <body>\n   \n\n<div id="status_code">404</div>\n\n\n    <div id="contentstring">Could not find requested data.</div>\n\n\n   \n        <div id="requestidcontainer">Request ID: <span id="requestid">662c6ecb-5230-43b5-bb1d-af119bbae736</span></div>\n    \n   </body>\n</html>\n\n' and all retries exhausted.
<class 'str'>
verify_collection.py:596: in test_temporal_subset
    harmony_client.wait_for_processing(job_id, show_progress=False)
/Users/simonl/Library/Caches/pypoetry/virtualenvs/l2ss-py-autotest-tBPKSASn-py3.11/lib/python3.11/site-packages/harmony/client.py:727: in wait_for_processing
    raise ProcessingFailedException(job_id, message)
E   harmony.client.ProcessingFailedException: WorkItem failed: podaac/l2ss-py:3.2.0rc4: Unable to download due to status code: 404 and content         b'<html>\n   <head>\n        <title>Egress | \n   \n      404\n   \n   \n   Data Not Available\n   \n</title>\n        <style type="text/css">\n            body {\n                font-family: sans-serif;\n                padding: 25px\n            }\n            #logincontrols {\n                position: fixed;\n                right: 25px;\n                top: 25px;\n            }\n            #status_code {\n                font-size: 400px;\n                font-weight: bold;\n                position: fixed;\n                top: 50%;\n                left: 50%;\n                margin-top: -200px;\n                margin-left: -300px;\n            }\n            #requestidcontainer {\n                position: fixed;\n                margin-bottom: 3px;\n                bottom: 0;\n                right: 10px;\n                font-size: 85%;\n            }\n        </style>\n   </head>\n\n   <body>\n   \n\n<div id="status_code">404</div>\n\n\n    <div id="contentstring">Could not find requested data.</div>\n\n\n   \n        <div id="requestidcontainer">Request ID: <span id="requestid">4c4a74a6-0d79-4bb5-bf33-ba5e2135d0ea</span></div>\n    \n   </body>\n</html>\n\n' and all retries exhausted.
Failed Tests
[{'concept_id': 'C1261072650-POCLOUD', 'test_type': 'spatial', 'message': 'verify_collection.py:468: in test_spatial_subset\n    harmony_client.wait_for_processing(job_id, show_progress=False)\n/Users/simonl/Library/Caches/pypoetry/virtualenvs/l2ss-py-autotest-tBPKSASn-py3.11/lib/python3.11/site-packages/harmony/client.py:727: in wait_for_processing\n    raise ProcessingFailedException(job_id, message)\nE   harmony.client.ProcessingFailedException: WorkItem failed: podaac/l2ss-py:3.2.0rc4: Unable to download due to status code: 404 and content         b\'<html>\\n   <head>\\n        <title>Egress | \\n   \\n      404\\n   \\n   \\n   Data Not Available\\n   \\n</title>\\n        <style type="text/css">\\n            body {\\n                font-family: sans-serif;\\n                padding: 25px\\n            }\\n            #logincontrols {\\n                position: fixed;\\n                right: 25px;\\n                top: 25px;\\n            }\\n            #status_code {\\n                font-size: 400px;\\n                font-weight: bold;\\n                position: fixed;\\n                top: 50%;\\n                left: 50%;\\n                margin-top: -200px;\\n                margin-left: -300px;\\n            }\\n            #requestidcontainer {\\n                position: fixed;\\n                margin-bottom: 3px;\\n                bottom: 0;\\n                right: 10px;\\n                font-size: 85%;\\n            }\\n        </style>\\n   </head>\\n\\n   <body>\\n   \\n\\n<div id="status_code">404</div>\\n\\n\\n    <div id="contentstring">Could not find requested data.</div>\\n\\n\\n   \\n        <div id="requestidcontainer">Request ID: <span id="requestid">662c6ecb-5230-43b5-bb1d-af119bbae736</span></div>\\n    \\n   </body>\\n</html>\\n\\n\' and all retries exhausted.'}, {'concept_id': 'C1261072650-POCLOUD', 'test_type': 'temporal', 'message': 'verify_collection.py:596: in test_temporal_subset\n    harmony_client.wait_for_processing(job_id, show_progress=False)\n/Users/simonl/Library/Caches/pypoetry/virtualenvs/l2ss-py-autotest-tBPKSASn-py3.11/lib/python3.11/site-packages/harmony/client.py:727: in wait_for_processing\n    raise ProcessingFailedException(job_id, message)\nE   harmony.client.ProcessingFailedException: WorkItem failed: podaac/l2ss-py:3.2.0rc4: Unable to download due to status code: 404 and content         b\'<html>\\n   <head>\\n        <title>Egress | \\n   \\n      404\\n   \\n   \\n   Data Not Available\\n   \\n</title>\\n        <style type="text/css">\\n            body {\\n                font-family: sans-serif;\\n                padding: 25px\\n            }\\n            #logincontrols {\\n                position: fixed;\\n                right: 25px;\\n                top: 25px;\\n            }\\n            #status_code {\\n                font-size: 400px;\\n                font-weight: bold;\\n                position: fixed;\\n                top: 50%;\\n                left: 50%;\\n                margin-top: -200px;\\n                margin-left: -300px;\\n            }\\n            #requestidcontainer {\\n                position: fixed;\\n                margin-bottom: 3px;\\n                bottom: 0;\\n                right: 10px;\\n                font-size: 85%;\\n            }\\n        </style>\\n   </head>\\n\\n   <body>\\n   \\n\\n<div id="status_code">404</div>\\n\\n\\n    <div id="contentstring">Could not find requested data.</div>\\n\\n\\n   \\n        <div id="requestidcontainer">Request ID: <span id="requestid">4c4a74a6-0d79-4bb5-bf33-ba5e2135d0ea</span></div>\\n    \\n   </body>\\n</html>\\n\\n\' and all retries exhausted.'}]
=========================== short test summary info ============================
FAILED verify_collection.py::test_spatial_subset[C1261072650-POCLOUD] - harmo...
FAILED verify_collection.py::test_temporal_subset[C1261072650-POCLOUD] - harm...
======================== 2 failed in 429.50s (0:07:09) =========================
